[12:46:33] [main/INFO]: Loading Minecraft 26.1.2 with Fabric Loader 0.19.5
[12:46:33] [main/INFO]: Loading 4 mods:
	- fabricloader 0.19.5
	   \-- mixinextras 0.5.5
	- java 25
	- minecraft 26.1.2
[12:46:33] [main/INFO]: SpongePowered MIXIN Subsystem Version=0.8.7 Source=file:/home/zhz/invar/.minecraft/libraries/net/fabricmc/sponge-mixin/0.17.4+mixin.0.8.7/sponge-mixin-0.17.4+mixin.0.8.7.jar Service=Knot/Fabric Env=CLIENT
[12:46:34] [Datafixer Bootstrap/INFO]: 291 Datafixer optimizations took 152 milliseconds
[12:46:35] [Render thread/INFO]: Environment: Environment[sessionHost=https://sessionserver.mojang.com, servicesHost=https://api.minecraftservices.com, profilesHost=https://api.mojang.com, name=PROD]
[12:46:35] [Render thread/INFO]: Setting user: geantendormi
[12:46:35] [Render thread/INFO]: Backend library: LWJGL version 3.4.1-snapshot
[12:46:35] [Render thread/INFO]: [STDOUT]: [lwjgl-unsafe-agent] Add exports java.base/jdk.internal.misc to <unnamed module for net.fabricmc.loader.impl.launch.knot.KnotClassLoader@778d1062>
[12:46:35] [Render thread/INFO]: [STDOUT]: [lwjgl-unsafe-agent] Rewrote org.lwjgl.system.MemoryUtil.memGetByte(long)
[12:46:35] [Render thread/INFO]: [STDOUT]: [lwjgl-unsafe-agent] Rewrote org.lwjgl.system.MemoryUtil.memGetShort(long)
[12:46:35] [Render thread/INFO]: [STDOUT]: [lwjgl-unsafe-agent] Rewrote org.lwjgl.system.MemoryUtil.memGetInt(long)
[12:46:35] [Render thread/INFO]: [STDOUT]: [lwjgl-unsafe-agent] Rewrote org.lwjgl.system.MemoryUtil.memGetLong(long)
[12:46:35] [Render thread/INFO]: [STDOUT]: [lwjgl-unsafe-agent] Rewrote org.lwjgl.system.MemoryUtil.memGetFloat(long)
[12:46:35] [Render thread/INFO]: [STDOUT]: [lwjgl-unsafe-agent] Rewrote org.lwjgl.system.MemoryUtil.memGetDouble(long)
[12:46:35] [Render thread/INFO]: [STDOUT]: [lwjgl-unsafe-agent] Rewrote org.lwjgl.system.MemoryUtil.memPutByte(long, byte)
[12:46:35] [Render thread/INFO]: [STDOUT]: [lwjgl-unsafe-agent] Rewrote org.lwjgl.system.MemoryUtil.memPutShort(long, short)
[12:46:35] [Render thread/INFO]: [STDOUT]: [lwjgl-unsafe-agent] Rewrote org.lwjgl.system.MemoryUtil.memPutInt(long, int)
[12:46:35] [Render thread/INFO]: [STDOUT]: [lwjgl-unsafe-agent] Rewrote org.lwjgl.system.MemoryUtil.memPutLong(long, long)
[12:46:35] [Render thread/INFO]: [STDOUT]: [lwjgl-unsafe-agent] Rewrote org.lwjgl.system.MemoryUtil.memPutFloat(long, float)
[12:46:35] [Render thread/INFO]: [STDOUT]: [lwjgl-unsafe-agent] Rewrote org.lwjgl.system.MemoryUtil.memPutDouble(long, double)
[12:46:35] [Render thread/INFO]: [STDOUT]: [lwjgl-unsafe-agent] Rewrote org.lwjgl.system.MemoryUtil.memGetAddress(long)
[12:46:35] [Render thread/INFO]: [STDOUT]: [lwjgl-unsafe-agent] Rewrote org.lwjgl.system.MemoryUtil.memPutAddress(long, long)
[12:46:35] [Render thread/INFO]: [STDOUT]: [lwjgl-unsafe-agent] Successfully transformed MemoryUtil
[12:46:36] [Render thread/INFO]: Using optional rendering extensions: GL_ARB_buffer_storage, GL_KHR_debug, GL_ARB_vertex_attrib_binding, GL_ARB_direct_state_access, GL_EXT_texture_filter_anisotropic
[12:46:36] [Render thread/INFO]: Reloading ResourceManager: vanilla
[12:46:36] [Worker-Main-14/INFO]: Found unifont_pua-17.0.01.hex, loading
[12:46:36] [Worker-Main-3/INFO]: Found unifont_all_no_pua-17.0.01.hex, loading
[12:46:36] [Worker-Main-8/INFO]: Found unifont_jp_patch-17.0.01.hex, loading
[12:46:37] [Render thread/INFO]: OpenAL initialized on device Built-in Audio 模拟立体声
[12:46:37] [Render thread/INFO]: Sound engine started
[12:46:37] [Render thread/INFO]: Created: 512x256x0 minecraft:textures/atlas/particles.png-atlas
[12:46:37] [Render thread/INFO]: Created: 128x128x0 minecraft:textures/atlas/decorated_pot.png-atlas
[12:46:37] [Render thread/INFO]: Created: 2048x1024x0 minecraft:textures/atlas/armor_trims.png-atlas
[12:46:37] [Render thread/INFO]: Created: 512x256x0 minecraft:textures/atlas/paintings.png-atlas
[12:46:37] [Render thread/INFO]: Created: 1024x512x0 minecraft:textures/atlas/shield_patterns.png-atlas
[12:46:37] [Render thread/INFO]: Created: 2048x2048x4 minecraft:textures/atlas/blocks.png-atlas
[12:46:37] [Render thread/INFO]: Created: 512x512x0 minecraft:textures/atlas/chest.png-atlas
[12:46:37] [Render thread/INFO]: Created: 256x128x0 minecraft:textures/atlas/celestials.png-atlas
[12:46:37] [Render thread/INFO]: Created: 1024x512x0 minecraft:textures/atlas/banner_patterns.png-atlas
[12:46:37] [Render thread/INFO]: Created: 512x512x0 minecraft:textures/atlas/beds.png-atlas
[12:46:37] [Render thread/INFO]: Created: 1024x512x0 minecraft:textures/atlas/items.png-atlas
[12:46:37] [Render thread/INFO]: Created: 1024x1024x0 minecraft:textures/atlas/gui.png-atlas
[12:46:37] [Render thread/INFO]: Created: 128x64x0 minecraft:textures/atlas/map_decorations.png-atlas
[12:46:37] [Render thread/INFO]: Created: 512x256x0 minecraft:textures/atlas/signs.png-atlas
[12:46:37] [Render thread/INFO]: Created: 512x512x0 minecraft:textures/atlas/shulker_boxes.png-atlas
[12:46:38] [Download-2/ERROR]: Failed to fetch user properties
com.mojang.authlib.exceptions.InvalidCredentialsException: Status: 401
	at knot//com.mojang.authlib.exceptions.MinecraftClientHttpException.toAuthenticationException(MinecraftClientHttpException.java:59)
	at knot//com.mojang.authlib.yggdrasil.YggdrasilUserApiService.fetchProperties(YggdrasilUserApiService.java:150)
	at knot//net.minecraft.client.Minecraft.lambda$new$1(Minecraft.java:459)
	at java.base/java.util.concurrent.CompletableFuture$AsyncSupply.run(CompletableFuture.java:1789)
	at java.base/java.util.concurrent.ThreadPoolExecutor.runWorker(ThreadPoolExecutor.java:1090)
	at java.base/java.util.concurrent.ThreadPoolExecutor$Worker.run(ThreadPoolExecutor.java:614)
	at java.base/java.lang.Thread.run(Thread.java:1474)
Caused by: com.mojang.authlib.exceptions.MinecraftClientHttpException: Status: 401
	at knot//com.mojang.authlib.minecraft.client.MinecraftClient.readInputStream(MinecraftClient.java:103)
	at knot//com.mojang.authlib.minecraft.client.MinecraftClient.get(MinecraftClient.java:56)
	at knot//com.mojang.authlib.yggdrasil.YggdrasilUserApiService.fetchProperties(YggdrasilUserApiService.java:121)
	... 5 more
[12:46:38] [Download-3/INFO]: Could not authorize you against Realms server: java.lang.RuntimeException: Failed to parse into SignedJWT: 96c134708eaf46b9ad840fdff0554b09
[12:46:38] [Download-3/ERROR]: Failed to fetch Realms feature flags
com.mojang.realmsclient.exception.RealmsServiceException: Realms authentication error with message 'java.lang.RuntimeException: Failed to parse into SignedJWT: 96c134708eaf46b9ad840fdff0554b09'
	at knot//com.mojang.realmsclient.client.RealmsClient.execute(RealmsClient.java:526)
	at knot//com.mojang.realmsclient.client.RealmsClient.fetchFeatureFlags(RealmsClient.java:186)
	at java.base/java.util.concurrent.CompletableFuture$AsyncSupply.run(CompletableFuture.java:1789)
	at java.base/java.util.concurrent.ThreadPoolExecutor.runWorker(ThreadPoolExecutor.java:1090)
	at java.base/java.util.concurrent.ThreadPoolExecutor$Worker.run(ThreadPoolExecutor.java:614)
	at java.base/java.lang.Thread.run(Thread.java:1474)
[12:46:38] [IO-Worker-1/INFO]: Could not authorize you against Realms server: java.lang.RuntimeException: Failed to parse into SignedJWT: 96c134708eaf46b9ad840fdff0554b09
[12:46:38] [IO-Worker-1/ERROR]: Couldn't connect to realms
com.mojang.realmsclient.exception.RealmsServiceException: Realms authentication error with message 'java.lang.RuntimeException: Failed to parse into SignedJWT: 96c134708eaf46b9ad840fdff0554b09'
	at knot//com.mojang.realmsclient.client.RealmsClient.execute(RealmsClient.java:526)
	at knot//com.mojang.realmsclient.client.RealmsClient.clientCompatible(RealmsClient.java:307)
	at knot//com.mojang.realmsclient.RealmsAvailability.lambda$check$0(RealmsAvailability.java:48)
	at java.base/java.util.concurrent.CompletableFuture$AsyncSupply.run(CompletableFuture.java:1789)
	at java.base/java.util.concurrent.ThreadPoolExecutor.runWorker(ThreadPoolExecutor.java:1090)
	at java.base/java.util.concurrent.ThreadPoolExecutor$Worker.run(ThreadPoolExecutor.java:614)
	at java.base/java.lang.Thread.run(Thread.java:1474)
[12:46:40] [Render thread/ERROR]: ########## GL ERROR ##########
[12:46:40] [Render thread/ERROR]: @ Render
[12:46:40] [Render thread/ERROR]: 65547: X11: Standard cursor shape unavailable
[12:46:43] [Server Pinger #0/ERROR]: Can't ping play.mchsy.top: 未知的主机
[12:46:49] [Render thread/INFO]: Connecting to play.mchsy.top, 25565
[12:46:49] [Download-3/ERROR]: Failed to retrieve profile key pair
com.mojang.authlib.exceptions.MinecraftClientHttpException: Status: 401
	at knot//com.mojang.authlib.minecraft.client.MinecraftClient.readInputStream(MinecraftClient.java:103)
	at knot//com.mojang.authlib.minecraft.client.MinecraftClient.post(MinecraftClient.java:64)
	at knot//com.mojang.authlib.yggdrasil.YggdrasilUserApiService.getKeyPair(YggdrasilUserApiService.java:61)
	at knot//net.minecraft.client.multiplayer.AccountProfileKeyPairManager.fetchProfileKeyPair(AccountProfileKeyPairManager.java:128)
	at knot//net.minecraft.client.multiplayer.AccountProfileKeyPairManager.lambda$readOrFetchProfileKeyPair$0(AccountProfileKeyPairManager.java:77)
	at java.base/java.util.concurrent.CompletableFuture$AsyncSupply.run(CompletableFuture.java:1789)
	at java.base/java.util.concurrent.ThreadPoolExecutor.runWorker(ThreadPoolExecutor.java:1090)
	at java.base/java.util.concurrent.ThreadPoolExecutor$Worker.run(ThreadPoolExecutor.java:614)
	at java.base/java.lang.Thread.run(Thread.java:1474)
[12:46:50] [Render thread/WARN]: Client disconnected with reason: 已转移至另一个服务器
[12:46:50] [Render thread/INFO]: Connecting to bgp01.mchsy.top, 31513
[12:46:50] [Download-3/ERROR]: Failed to retrieve profile key pair
com.mojang.authlib.exceptions.MinecraftClientHttpException: Status: 401
	at knot//com.mojang.authlib.minecraft.client.MinecraftClient.readInputStream(MinecraftClient.java:103)
	at knot//com.mojang.authlib.minecraft.client.MinecraftClient.post(MinecraftClient.java:64)
	at knot//com.mojang.authlib.yggdrasil.YggdrasilUserApiService.getKeyPair(YggdrasilUserApiService.java:61)
	at knot//net.minecraft.client.multiplayer.AccountProfileKeyPairManager.fetchProfileKeyPair(AccountProfileKeyPairManager.java:128)
	at knot//net.minecraft.client.multiplayer.AccountProfileKeyPairManager.lambda$readOrFetchProfileKeyPair$0(AccountProfileKeyPairManager.java:77)
	at java.base/java.util.concurrent.CompletableFuture$AsyncSupply.run(CompletableFuture.java:1789)
	at java.base/java.util.concurrent.ThreadPoolExecutor.runWorker(ThreadPoolExecutor.java:1090)
	at java.base/java.util.concurrent.ThreadPoolExecutor$Worker.run(ThreadPoolExecutor.java:614)
	at java.base/java.lang.Thread.run(Thread.java:1474)
[12:46:52] [Render thread/INFO]: [System] [CHAT] [+] [unknown player head] geantendormi 进入了 [主城大厅]
[12:46:52] [Render thread/INFO]: Loaded 128 advancements
[12:46:52] [Render thread/INFO]: Resizing Dynamic Transforms UBO, capacity limit of 2 reached during a single frame. New capacity will be 4.
[12:46:52] [Render thread/INFO]: Resizing Dynamic Transforms UBO, capacity limit of 4 reached during a single frame. New capacity will be 8.
[12:46:53] [Render thread/INFO]: Resizing Chunk Sections UBO, capacity limit of 2 reached during a single frame. New capacity will be 8.
[12:46:53] [Render thread/INFO]: Resizing Chunk Sections UBO, capacity limit of 8 reached during a single frame. New capacity will be 16.
[12:46:53] [Render thread/INFO]: Resizing Dynamic Transforms UBO, capacity limit of 8 reached during a single frame. New capacity will be 16.
[12:46:53] [Render thread/WARN]: Received passengers for unknown entity
[12:46:53] [Render thread/WARN]: Received passengers for unknown entity
[12:46:53] [Render thread/WARN]: Received passengers for unknown entity
[12:46:53] [Render thread/WARN]: Received passengers for unknown entity
[12:46:53] [Render thread/INFO]: Resizing Chunk Sections UBO, capacity limit of 16 reached during a single frame. New capacity will be 32.
[12:46:53] [Render thread/INFO]: Resizing Chunk Sections UBO, capacity limit of 32 reached during a single frame. New capacity will be 64.
[12:46:54] [Render thread/WARN]: Received passengers for unknown entity
[12:46:54] [Render thread/WARN]: Received passengers for unknown entity
[12:46:54] [Render thread/WARN]: Received passengers for unknown entity
[12:46:54] [Render thread/WARN]: Received passengers for unknown entity
[12:46:54] [Render thread/INFO]: Resizing Chunk Sections UBO, capacity limit of 64 reached during a single frame. New capacity will be 128.
[12:46:55] [Render thread/INFO]: Resizing Chunk Sections UBO, capacity limit of 128 reached during a single frame. New capacity will be 256.
[12:46:58] [Render thread/INFO]: [System] [CHAT] [恒生域Vote] 你还没有注册投票账号！请使用/mcsvote regsiter <密码> 注册，注册后即可在 恒生域Vote 投票。
[12:46:59] [Render thread/INFO]: Resizing Chunk Sections UBO, capacity limit of 256 reached during a single frame. New capacity will be 512.
[12:47:02] [Render thread/INFO]: Resizing Chunk Sections UBO, capacity limit of 512 reached during a single frame. New capacity will be 1024.
[12:47:24] [Render thread/INFO]: Connecting to play.mchsy.top, 25565
[12:47:24] [Download-2/ERROR]: Failed to retrieve profile key pair
com.mojang.authlib.exceptions.MinecraftClientHttpException: Status: 401
	at knot//com.mojang.authlib.minecraft.client.MinecraftClient.readInputStream(MinecraftClient.java:103)
	at knot//com.mojang.authlib.minecraft.client.MinecraftClient.post(MinecraftClient.java:64)
	at knot//com.mojang.authlib.yggdrasil.YggdrasilUserApiService.getKeyPair(YggdrasilUserApiService.java:61)
	at knot//net.minecraft.client.multiplayer.AccountProfileKeyPairManager.fetchProfileKeyPair(AccountProfileKeyPairManager.java:128)
	at knot//net.minecraft.client.multiplayer.AccountProfileKeyPairManager.lambda$readOrFetchProfileKeyPair$0(AccountProfileKeyPairManager.java:77)
	at java.base/java.util.concurrent.CompletableFuture$AsyncSupply.run(CompletableFuture.java:1789)
	at java.base/java.util.concurrent.ThreadPoolExecutor.runWorker(ThreadPoolExecutor.java:1090)
	at java.base/java.util.concurrent.ThreadPoolExecutor$Worker.run(ThreadPoolExecutor.java:614)
	at java.base/java.lang.Thread.run(Thread.java:1474)
[12:47:32] [Render thread/INFO]: Connecting to play.mchsy.top, 25565
[12:47:32] [Render thread/WARN]: Client disconnected with reason: 已转移至另一个服务器
[12:47:32] [Render thread/INFO]: Connecting to bgp01.mchsy.top, 31513
[12:47:32] [Download-2/ERROR]: Failed to retrieve profile key pair
com.mojang.authlib.exceptions.MinecraftClientHttpException: Status: 401
	at knot//com.mojang.authlib.minecraft.client.MinecraftClient.readInputStream(MinecraftClient.java:103)
	at knot//com.mojang.authlib.minecraft.client.MinecraftClient.post(MinecraftClient.java:64)
	at knot//com.mojang.authlib.yggdrasil.YggdrasilUserApiService.getKeyPair(YggdrasilUserApiService.java:61)
	at knot//net.minecraft.client.multiplayer.AccountProfileKeyPairManager.fetchProfileKeyPair(AccountProfileKeyPairManager.java:128)
	at knot//net.minecraft.client.multiplayer.AccountProfileKeyPairManager.lambda$readOrFetchProfileKeyPair$0(AccountProfileKeyPairManager.java:77)
	at java.base/java.util.concurrent.CompletableFuture$AsyncSupply.run(CompletableFuture.java:1789)
	at java.base/java.util.concurrent.ThreadPoolExecutor.runWorker(ThreadPoolExecutor.java:1090)
	at java.base/java.util.concurrent.ThreadPoolExecutor$Worker.run(ThreadPoolExecutor.java:614)
	at java.base/java.lang.Thread.run(Thread.java:1474)
[12:47:33] [Download-7/ERROR]: Failed to retrieve profile key pair
com.mojang.authlib.exceptions.MinecraftClientHttpException: Status: 401
	at knot//com.mojang.authlib.minecraft.client.MinecraftClient.readInputStream(MinecraftClient.java:103)
	at knot//com.mojang.authlib.minecraft.client.MinecraftClient.post(MinecraftClient.java:64)
	at knot//com.mojang.authlib.yggdrasil.YggdrasilUserApiService.getKeyPair(YggdrasilUserApiService.java:61)
	at knot//net.minecraft.client.multiplayer.AccountProfileKeyPairManager.fetchProfileKeyPair(AccountProfileKeyPairManager.java:128)
	at knot//net.minecraft.client.multiplayer.AccountProfileKeyPairManager.lambda$readOrFetchProfileKeyPair$0(AccountProfileKeyPairManager.java:77)
	at java.base/java.util.concurrent.CompletableFuture$AsyncSupply.run(CompletableFuture.java:1789)
	at java.base/java.util.concurrent.ThreadPoolExecutor.runWorker(ThreadPoolExecutor.java:1090)
	at java.base/java.util.concurrent.ThreadPoolExecutor$Worker.run(ThreadPoolExecutor.java:614)
	at java.base/java.lang.Thread.run(Thread.java:1474)
[12:47:33] [Render thread/INFO]: [System] [CHAT] [+] [unknown player head] geantendormi 进入了 [主城大厅]
[12:47:33] [Render thread/INFO]: Loaded 128 advancements
[12:47:34] [Render thread/WARN]: Received passengers for unknown entity
[12:47:34] [Render thread/WARN]: Received passengers for unknown entity
[12:47:34] [Render thread/WARN]: Received passengers for unknown entity
[12:47:34] [Render thread/WARN]: Received passengers for unknown entity
[12:47:35] [Render thread/WARN]: Received passengers for unknown entity
[12:47:35] [Render thread/WARN]: Received passengers for unknown entity
[12:47:35] [Render thread/WARN]: Received passengers for unknown entity
[12:47:35] [Render thread/WARN]: Received passengers for unknown entity
[12:47:36] [Render thread/WARN]: Received passengers for unknown entity
[12:47:36] [Render thread/WARN]: Received passengers for unknown entity
[12:47:36] [Render thread/WARN]: Received passengers for unknown entity
[12:47:40] [Render thread/INFO]: [System] [CHAT] [恒生域Vote] 你还没有注册投票账号！请使用/mcsvote regsiter <密码> 注册，注册后即可在 恒生域Vote 投票。
[12:47:52] [Render thread/INFO]: [System] [CHAT] 您已经在尝试连接服务器了！
[12:47:52] [Render thread/INFO]: [System] [CHAT] [+] [unknown player head] geantendormi 进入了 [生存一区]
[12:47:52] [Render thread/INFO]: Loaded 79 advancements
[12:47:53] [Render thread/INFO]: Loaded 104 advancements
[12:47:53] [Render thread/INFO]: Loaded 128 advancements
[12:48:30] [Render thread/INFO]: [System] [CHAT] [+] [unknown player head] geantendormi 进入了 [资源大区]
[12:48:30] [Render thread/INFO]: Loaded 128 advancements
[12:48:37] [Render thread/INFO]: [System] [CHAT] [生存一区] [HK_YTNM head]<HK_Y*N*> 谁来帮我搞搞这个投影打印机
[12:48:41] [Render thread/INFO]: Loaded 131 advancements
[12:48:48] [Render thread/WARN]: Received packet for unknown team displaytags_57012: team action: REMOVE, player action: null
[12:48:56] [Render thread/INFO]: [System] [CHAT] [生存一区] [HK_YTNM head]<HK_Y*N*> 教程的跟我不一样
[12:48:59] [Render thread/INFO]: [System] [CHAT] [+] [unknown player head] geantendormi 进入了 [地皮一区]
[12:48:59] [Render thread/INFO]: Loaded 128 advancements
[12:48:59] [Render thread/INFO]: Loaded 131 advancements
[12:49:00] [Render thread/WARN]: Received passengers for unknown entity
[12:49:37] [Render thread/INFO]: [System] [CHAT] [恒生域] 地皮标志use未设置，无法执行此操作。
[12:49:41] [Render thread/INFO]: [System] [CHAT] [生存一区] [fanyingyunran head]<fanyingyunran> 6
[12:49:42] [Render thread/INFO]: [System] [CHAT] [恒生域] 地皮标志use未设置，无法执行此操作。
[12:49:53] [Render thread/INFO]: [System] [CHAT] [恒生域] 地皮标志use未设置，无法执行此操作。
[12:50:00] [Render thread/INFO]: [System] [CHAT] [恒生域] 地皮标志use未设置，无法执行此操作。
[12:50:19] [Render thread/INFO]: [System] [CHAT] [恒生域] 地皮标志use未设置，无法执行此操作。
[12:50:24] [Render thread/INFO]: [System] [CHAT] [恒生域] 地皮标志use未设置，无法执行此操作。
[12:51:00] [Render thread/INFO]: [System] [CHAT] [+] [unknown player head] geantendormi 进入了 [生存一区]
[12:51:00] [Render thread/INFO]: Loaded 128 advancements
[12:51:01] [Render thread/INFO]: Loaded 131 advancements
[12:51:59] [Render thread/INFO]: Loaded 134 advancements
[12:52:04] [Render thread/INFO]: Loaded 149 advancements
[12:52:49] [Render thread/INFO]: Loaded 160 advancements
[12:52:54] [Render thread/INFO]: Loaded 170 advancements
[12:53:03] [Render thread/INFO]: Loaded 171 advancements
[12:53:56] [Render thread/INFO]: [System] [CHAT] [+] [HK_YTNM head] HK_YTNM 进入了 [生存一区]
[12:55:35] [Render thread/INFO]: Resizing Dynamic Transforms UBO, capacity limit of 16 reached during a single frame. New capacity will be 32.
[12:56:13] [Render thread/INFO]: [System] [CHAT] [+] [unknown player head] CheongKaiYuen 进入了 [生存一区]
[12:56:19] [Render thread/INFO]: [System] [CHAT] [生存一区] [www head]<www> 我在想要怎么搞
[12:56:32] [Render thread/WARN]: Unable to play empty soundEvent: minecraft:entity.tropical_fish.ambient
[12:57:35] [Render thread/INFO]: [System] [CHAT] [生存一区] 失败的man🕸 [meefink227 head]<meefink227> 整个活去
[12:58:32] [Render thread/INFO]: [System] [CHAT] [+] [unknown player head] geantendormi 进入了 [资源大区]
[12:58:32] [Render thread/INFO]: Loaded 131 advancements
[12:58:32] [Render thread/INFO]: Loaded 171 advancements
[12:58:33] [Download-11/WARN]: Couldn't find profile with name: fanyingyunran
com.mojang.authlib.exceptions.MinecraftClientHttpException: Couldn't find any profile with name fanyingyunran
	at knot//com.mojang.authlib.minecraft.client.MinecraftClient.readInputStream(MinecraftClient.java:103)
	at knot//com.mojang.authlib.minecraft.client.MinecraftClient.get(MinecraftClient.java:56)
	at knot//com.mojang.authlib.yggdrasil.YggdrasilGameProfileRepository.findProfileByName(YggdrasilGameProfileRepository.java:110)
	at knot//net.minecraft.server.players.CachedUserNameToIdResolver.lookupGameProfile(CachedUserNameToIdResolver.java:73)
	at knot//net.minecraft.server.players.CachedUserNameToIdResolver.get(CachedUserNameToIdResolver.java:134)
	at knot//net.minecraft.server.players.ProfileResolver$Cached$2.load(ProfileResolver.java:54)
	at knot//net.minecraft.server.players.ProfileResolver$Cached$2.load(ProfileResolver.java:50)
	at knot//com.google.common.cache.LocalCache$LoadingValueReference.loadFuture(LocalCache.java:3556)
	at knot//com.google.common.cache.LocalCache$Segment.loadSync(LocalCache.java:2307)
	at knot//com.google.common.cache.LocalCache$Segment.lockedGetOrLoad(LocalCache.java:2180)
	at knot//com.google.common.cache.LocalCache$Segment.get(LocalCache.java:2071)
	at knot//com.google.common.cache.LocalCache.get(LocalCache.java:3985)
	at knot//com.google.common.cache.LocalCache.getOrLoad(LocalCache.java:4006)
	at knot//com.google.common.cache.LocalCache$LocalLoadingCache.get(LocalCache.java:4946)
	at knot//com.google.common.cache.LocalCache$LocalLoadingCache.getUnchecked(LocalCache.java:4953)
	at knot//net.minecraft.server.players.ProfileResolver$Cached.fetchByName(ProfileResolver.java:63)
	at knot//net.minecraft.client.player.LocalPlayerResolver.fetchByName(LocalPlayerResolver.java:34)
	at knot//com.mojang.datafixers.util.Either$Left.map(Either.java:38)
	at knot//net.minecraft.server.players.ProfileResolver.fetchByNameOrId(ProfileResolver.java:25)
	at knot//net.minecraft.world.item.component.ResolvableProfile$Dynamic.lambda$resolveProfile$0(ResolvableProfile.java:225)
	at java.base/java.util.concurrent.CompletableFuture$AsyncSupply.run(CompletableFuture.java:1789)
	at java.base/java.util.concurrent.ThreadPoolExecutor.runWorker(ThreadPoolExecutor.java:1090)
	at java.base/java.util.concurrent.ThreadPoolExecutor$Worker.run(ThreadPoolExecutor.java:614)
	at java.base/java.lang.Thread.run(Thread.java:1474)
[12:58:54] [Render thread/INFO]: Loaded 171 advancements
[12:59:18] [Render thread/INFO]: Loaded 171 advancements
[12:59:58] [Render thread/INFO]: [System] [CHAT] [生存一区] 大富豪豪豪🪙 [Minecraft_JMSSDN head]<Minecraft_JMSSDN> 1
[13:00:02] [Render thread/INFO]: [System] [CHAT] [生存一区] 大富豪豪豪🪙 [epoch head]<epoch> 2
[13:00:05] [Render thread/INFO]: [System] [CHAT] [生存一区] [chenjuntao head]<chenjuntao> 3
[13:00:08] [Render thread/INFO]: [System] [CHAT] [生存一区] [www head]<www> 4
[13:00:15] [Render thread/INFO]: [System] [CHAT] [生存一区] [CheongKaiYuen head]<CheongKaiYuen> 5
[13:00:30] [Render thread/INFO]: [System] [CHAT] [生存一区] [mushu1 head]<mushu1> 6
[13:00:40] [Render thread/INFO]: [System] [CHAT] [生存一区] [chenjuntao head]<chenjuntao> 7
[13:00:59] [Render thread/INFO]: [System] [CHAT] [生存一区] [CheongKaiYuen head]<CheongKaiYuen> 牙膏我们用田七
[13:01:08] [Render thread/INFO]: [System] [CHAT] geantendormi从高处摔了下来
[13:01:08] [Render thread/INFO]: [System] [CHAT] [恒生域] 回到上一个位置? [⏪ 点击传送]
[13:01:17] [Render thread/INFO]: [System] [CHAT] [恒生域] 传送中……直到我们找到安全的位置之前请等一下！
[13:01:17] [Render thread/WARN]: Requested creation of existing team 'displaytags_63093'
[13:01:17] [Render thread/INFO]: Loaded 171 advancements
[13:01:42] [Render thread/WARN]: Unable to play empty soundEvent: minecraft:entity.salmon.ambient
[13:01:58] [Render thread/INFO]: [System] [CHAT] [生存一区] 失败的man🕸 [meefink227 head]<meefink227> 好好好
[13:02:16] [Render thread/INFO]: [System] [CHAT] [生存一区] [www head]<www> 我好像得在换一次皮肤才能成你这个
[13:03:16] [Render thread/INFO]: [System] [CHAT] [生存一区] [www head]<www> 我重进一下
[13:04:05] [Render thread/INFO]: [System] [CHAT] [生存一区] 失败的man🕸 [meefink227 head]<meefink227> 可能skin同步有延迟吧
[13:04:36] [Render thread/INFO]: Loaded 181 advancements
[13:04:39] [Render thread/INFO]: [System] [CHAT] [生存一区] [www head]<www> 这啥
[13:04:46] [Render thread/INFO]: [System] [CHAT] [生存一区] 失败的man🕸 [meefink227 head]<meefink227> UmU？
[13:04:47] [Render thread/INFO]: [System] [CHAT] [生存一区] [www head]<www> 我输的是HB HB HB
[13:05:15] [Render thread/INFO]: [System] [CHAT] [生存一区] [www head]<www> 你重进一下
[13:05:45] [Render thread/INFO]: [System] [CHAT] [生存一区] 失败的man🕸 [meefink227 head]<meefink227> 我感觉是skin同步有延迟
[13:05:53] [Render thread/INFO]: [System] [CHAT] [生存一区] [www head]<www> 嗯对好像是这样
[13:06:33] [Render thread/INFO]: [System] [CHAT] [生存一区] [fanyingyunran head]<fanyingyunran>  @HBHBHB  来了
[13:07:05] [Render thread/INFO]: [System] [CHAT] [生存一区] 大富豪豪豪🪙 [Minecraft_JMSSDN head]<Minecraft_JMSSDN> 挖钻石吧
[13:07:08] [Render thread/INFO]: [System] [CHAT] [+] [Minecraft_JMSSDN head] Minecraft_JMSSDN 进入了 [资源大区]
[13:07:19] [Render thread/WARN]: Received packet for unknown team displaytags_68841: team action: REMOVE, player action: null
[13:07:35] [Render thread/INFO]: [System] [CHAT] [生存一区] 失败的man🕸 [meefink227 head]<meefink227> 这打人不掉血啊
[13:07:40] [Render thread/INFO]: [System] [CHAT] [生存一区] [www head]<www> 开大了
[13:07:44] [Render thread/INFO]: [System] [CHAT] [生存一区] 失败的man🕸 [meefink227 head]<meefink227> 你看
[13:07:52] [Render thread/INFO]: [System] [CHAT] [生存一区] 失败的man🕸 [meefink227 head]<meefink227> 掏剑也打不出多少伤害
[13:08:03] [Render thread/INFO]: [System] [CHAT] [生存一区] [sdvgsf head]<sdvgsf> HK我的剪刀
[13:08:45] [Render thread/INFO]: [System] [CHAT] [生存一区] 失败的man🕸 [meefink227 head]<meefink227> 好了我要换回去了
[13:09:04] [Render thread/INFO]: [System] [CHAT] [生存一区] [sdvgsf head]<sdvgsf> wc
[13:09:24] [Render thread/INFO]: [System] [CHAT] [生存一区] [www head]<www> 又换了一次还是这个皮肤
[13:09:28] [Render thread/INFO]: [System] [CHAT] [生存一区] 失败的man🕸 [meefink227 head]<meefink227> 没变吗
[13:09:31] [Render thread/INFO]: [System] [CHAT] [生存一区] 失败的man🕸 [meefink227 head]<meefink227> 欸
[13:09:38] [Render thread/INFO]: [System] [CHAT] [生存一区] 失败的man🕸 [meefink227 head]<meefink227> 我大退一下
[13:10:01] [Render thread/INFO]: [System] [CHAT] [+] [Minecraft_JMSSDN head] Minecraft_JMSSDN 进入了 [资源大区]
[13:10:34] [Render thread/WARN]: Received packet for unknown team displaytags_71135: team action: REMOVE, player action: null
[13:10:48] [Render thread/INFO]: [System] [CHAT] [生存一区] [www head]<www> 截图了
[13:10:56] [Render thread/INFO]: [System] [CHAT] [生存一区] 失败的man🕸 [meefink227 head]<meefink227> ？
[13:11:07] [Render thread/INFO]: [System] [CHAT] [生存一区] 失败的man🕸 [meefink227 head]<meefink227> 我一进来就发现两个问题
[13:12:20] [Render thread/INFO]: [System] [CHAT] [生存一区] [www head]<www> 999延迟这么大吗还是这皮肤
[13:12:27] [Render thread/INFO]: [System] [CHAT] [生存一区] 失败的man🕸 [meefink227 head]<meefink227> ？
[13:12:36] [Render thread/INFO]: [System] [CHAT] [生存一区] 失败的man🕸 [meefink227 head]<meefink227> 我这边头像都换回去了
[13:12:49] [Render thread/INFO]: [System] [CHAT] [生存一区] [www head]<www> wwwwwwww/gamemode spectator
[13:12:56] [Render thread/INFO]: [System] [CHAT] [生存一区] [www head]<www> ？
[13:13:00] [Render thread/INFO]: [System] [CHAT] [生存一区] [fanyingyunran head]<fanyingyunran> ？
[13:13:01] [Render thread/INFO]: [System] [CHAT] geantendormi在墙里窒息而亡
[13:13:01] [Render thread/INFO]: [System] [CHAT] [恒生域] 回到上一个位置? [⏪ 点击传送]
[13:13:08] [Render thread/INFO]: [System] [CHAT] [恒生域] 传送中……直到我们找到安全的位置之前请等一下！
[13:13:08] [Render thread/WARN]: Requested creation of existing team 'displaytags_63093'
[13:13:08] [Render thread/INFO]: Loaded 181 advancements
[13:13:52] [Render thread/WARN]: Received packet for unknown team displaytags_62401: team action: REMOVE, player action: null
[13:15:45] [Render thread/INFO]: Loaded 181 advancements
[13:15:52] [Render thread/INFO]: Loaded 199 advancements
[13:16:08] [Render thread/INFO]: [System] [CHAT] [+] [unknown player head] Ethen2016 进入了 [资源大区]
[13:16:24] [Render thread/INFO]: [System] [CHAT] [生存一区] [www head]<www> ？
[13:16:32] [Render thread/INFO]: [System] [CHAT] geantendormi被北极熊杀死了
[13:16:32] [Render thread/INFO]: [System] [CHAT] [恒生域] 回到上一个位置? [⏪ 点击传送]
[13:16:33] [Render thread/INFO]: [System] [CHAT] [恒生域] 传送中……直到我们找到安全的位置之前请等一下！
[13:16:33] [Render thread/WARN]: Requested creation of existing team 'displaytags_63093'
[13:17:44] [Render thread/INFO]: Loaded 202 advancements
[13:17:51] [Render thread/WARN]: Received packet for unknown team displaytags_77801: team action: REMOVE, player action: null
[13:18:01] [Render thread/INFO]: [System] [CHAT] geantendormi被北极熊杀死了
[13:18:01] [Render thread/INFO]: [System] [CHAT] [恒生域] 回到上一个位置? [⏪ 点击传送]
[13:18:02] [Render thread/INFO]: [System] [CHAT] [恒生域] 传送中……直到我们找到安全的位置之前请等一下！
[13:18:02] [Render thread/WARN]: Requested creation of existing team 'displaytags_63093'
[13:18:02] [Render thread/INFO]: Loaded 202 advancements
[13:18:22] [Render thread/INFO]: [System] [CHAT] [生存一区] [fanyingyunran head]<fanyingyunran>  @Minecraft_JMSSDN  这个貌似不是农民
[13:18:29] [Render thread/INFO]: [System] [CHAT] [生存一区] [fanyingyunran head]<fanyingyunran> 3层
[13:18:34] [Render thread/INFO]: Loaded 202 advancements
[13:18:38] [Render thread/INFO]: [System] [CHAT] [生存一区] 失败的man🕸 [meefink227 head]<meefink227> ber
[13:18:44] [Render thread/INFO]: [System] [CHAT] [生存一区] 失败的man🕸 [meefink227 head]<meefink227> 你们能不能不要套用我皮肤
[13:19:03] [Render thread/INFO]: Loaded 205 advancements
[13:19:11] [Render thread/INFO]: [System] [CHAT] [生存一区] [CheongKaiYuen head]<CheongKaiYuen> 用你皮肤是给你面子，不要不识好歹
[13:19:19] [Render thread/INFO]: [System] [CHAT] [生存一区] [www head]<www> 666
[13:19:49] [Render thread/INFO]: [System] [CHAT] [生存一区] [HK_YTNM head]<HK_Y*N*> 我会用了
[13:19:50] [Render thread/INFO]: [System] [CHAT] [主城大厅] [gaemi head]<gaemi> 有人来挖钻石吗
[13:19:51] [Render thread/INFO]: [System] [CHAT] [生存一区] 失败的man🕸 [meefink227 head]<meefink227> 那照你这么说
[13:19:56] [Render thread/INFO]: [System] [CHAT] [+] [GG95271 head] GG95271 进入了 [资源大区]
[13:19:59] [Render thread/WARN]: Received packet for unknown team displaytags_80523: team action: REMOVE, player action: null
[13:20:04] [Render thread/INFO]: [System] [CHAT] [生存一区] 失败的man🕸 [meefink227 head]<meefink227> 其他人都是没头没脸的人物呗
[13:20:16] [Render thread/INFO]: Loaded 206 advancements
[13:20:22] [Render thread/INFO]: [System] [CHAT] [主城大厅] [gaemi head]<gaemi> 5299
[13:20:55] [Render thread/INFO]: [System] [CHAT] [主城大厅] [CheongKaiYuen head]<CheongKaiYuen> 我就图一乐，你不要上纲上线
[13:21:05] [Render thread/INFO]: [System] [CHAT] [生存一区] 失败的man🕸 [meefink227 head]<meefink227> 我可没这个意思
[13:21:06] [Render thread/INFO]: [System] [CHAT] [生存一区] [www head]<www> 不能吵起来
[13:21:40] [Render thread/INFO]: [System] [CHAT] [主城大厅] [CheongKaiYuen head]<CheongKaiYuen> 打起来打起来
[13:21:45] [Render thread/INFO]: [System] [CHAT] [生存一区] [HBHBHB head]<HBHBHB>  @www 来
[13:22:37] [Render thread/INFO]: [System] [CHAT] [生存一区] [CheongKaiYuen head]<CheongKaiYuen> 女巫手拿再生药水，死了只有水瓶，太坑了
[13:23:12] [Render thread/INFO]: [System] [CHAT] geantendormi取得了进度[来硬的]
[13:23:12] [Render thread/INFO]: Loaded 236 advancements
[13:23:49] [Render thread/INFO]: [System] [CHAT] geantendormi取得了进度[整装上阵]
[13:23:49] [Render thread/INFO]: Loaded 236 advancements
[13:23:53] [Render thread/INFO]: [System] [CHAT] geantendormi被僵尸杀死了
[13:23:53] [Render thread/INFO]: [System] [CHAT] [恒生域] 回到上一个位置? [⏪ 点击传送]
[13:23:54] [Render thread/INFO]: [System] [CHAT] [恒生域] 传送中……直到我们找到安全的位置之前请等一下！
[13:23:54] [Render thread/WARN]: Requested creation of existing team 'displaytags_63093'
[13:23:54] [Render thread/INFO]: Loaded 236 advancements
[13:26:19] [Render thread/INFO]: [System] [CHAT] [生存一区] [www head]<www> 其实你落下来的时候是可以调整视角的
[13:26:27] [Render thread/INFO]: [System] [CHAT] [生存一区] [www head]<www> 你打的时候太僵硬了显得
[13:26:57] [Render thread/INFO]: [System] [CHAT] [生存一区] [www head]<www> 只有我才配站到我的坟头上
[13:26:58] [Render thread/INFO]: [System] [CHAT] [生存一区] 失败的man🕸 [meefink227 head]<meefink227> 请神上身
[13:27:30] [Render thread/INFO]: Loaded 236 advancements
[13:27:52] [Render thread/INFO]: [System] [CHAT] [+] [GG95271 head] GG95271 进入了 [资源大区]
[13:27:55] [Render thread/WARN]: Received packet for unknown team displaytags_83716: team action: REMOVE, player action: null
[13:28:02] [Render thread/INFO]: [System] [CHAT] [+] [unknown player head] geantendormi 进入了 [地皮一区]
[13:28:02] [Render thread/INFO]: Loaded 131 advancements
[13:28:02] [Download-21/WARN]: Couldn't find profile with name: cheongkaiyuen
com.mojang.authlib.exceptions.MinecraftClientHttpException: Couldn't find any profile with name cheongkaiyuen
	at knot//com.mojang.authlib.minecraft.client.MinecraftClient.readInputStream(MinecraftClient.java:103)
	at knot//com.mojang.authlib.minecraft.client.MinecraftClient.get(MinecraftClient.java:56)
	at knot//com.mojang.authlib.yggdrasil.YggdrasilGameProfileRepository.findProfileByName(YggdrasilGameProfileRepository.java:110)
	at knot//net.minecraft.server.players.CachedUserNameToIdResolver.lookupGameProfile(CachedUserNameToIdResolver.java:73)
	at knot//net.minecraft.server.players.CachedUserNameToIdResolver.get(CachedUserNameToIdResolver.java:134)
	at knot//net.minecraft.server.players.ProfileResolver$Cached$2.load(ProfileResolver.java:54)
	at knot//net.minecraft.server.players.ProfileResolver$Cached$2.load(ProfileResolver.java:50)
	at knot//com.google.common.cache.LocalCache$LoadingValueReference.loadFuture(LocalCache.java:3556)
	at knot//com.google.common.cache.LocalCache$Segment.loadSync(LocalCache.java:2307)
	at knot//com.google.common.cache.LocalCache$Segment.lockedGetOrLoad(LocalCache.java:2180)
	at knot//com.google.common.cache.LocalCache$Segment.get(LocalCache.java:2071)
	at knot//com.google.common.cache.LocalCache.get(LocalCache.java:3985)
	at knot//com.google.common.cache.LocalCache.getOrLoad(LocalCache.java:4006)
	at knot//com.google.common.cache.LocalCache$LocalLoadingCache.get(LocalCache.java:4946)
	at knot//com.google.common.cache.LocalCache$LocalLoadingCache.getUnchecked(LocalCache.java:4953)
	at knot//net.minecraft.server.players.ProfileResolver$Cached.fetchByName(ProfileResolver.java:63)
	at knot//net.minecraft.client.player.LocalPlayerResolver.fetchByName(LocalPlayerResolver.java:34)
	at knot//com.mojang.datafixers.util.Either$Left.map(Either.java:38)
	at knot//net.minecraft.server.players.ProfileResolver.fetchByNameOrId(ProfileResolver.java:25)
	at knot//net.minecraft.world.item.component.ResolvableProfile$Dynamic.lambda$resolveProfile$0(ResolvableProfile.java:225)
	at java.base/java.util.concurrent.CompletableFuture$AsyncSupply.run(CompletableFuture.java:1789)
	at java.base/java.util.concurrent.ThreadPoolExecutor.runWorker(ThreadPoolExecutor.java:1090)
	at java.base/java.util.concurrent.ThreadPoolExecutor$Worker.run(ThreadPoolExecutor.java:614)
	at java.base/java.lang.Thread.run(Thread.java:1474)
[13:28:02] [Render thread/INFO]: Loaded 162 advancements
[13:28:02] [Render thread/INFO]: Loaded 236 advancements
[13:28:03] [Download-23/WARN]: Couldn't find profile with name: sdvgsf
com.mojang.authlib.exceptions.MinecraftClientHttpException: Couldn't find any profile with name sdvgsf
	at knot//com.mojang.authlib.minecraft.client.MinecraftClient.readInputStream(MinecraftClient.java:103)
	at knot//com.mojang.authlib.minecraft.client.MinecraftClient.get(MinecraftClient.java:56)
	at knot//com.mojang.authlib.yggdrasil.YggdrasilGameProfileRepository.findProfileByName(YggdrasilGameProfileRepository.java:110)
	at knot//net.minecraft.server.players.CachedUserNameToIdResolver.lookupGameProfile(CachedUserNameToIdResolver.java:73)
	at knot//net.minecraft.server.players.CachedUserNameToIdResolver.get(CachedUserNameToIdResolver.java:134)
	at knot//net.minecraft.server.players.ProfileResolver$Cached$2.load(ProfileResolver.java:54)
	at knot//net.minecraft.server.players.ProfileResolver$Cached$2.load(ProfileResolver.java:50)
	at knot//com.google.common.cache.LocalCache$LoadingValueReference.loadFuture(LocalCache.java:3556)
	at knot//com.google.common.cache.LocalCache$Segment.loadSync(LocalCache.java:2307)
	at knot//com.google.common.cache.LocalCache$Segment.lockedGetOrLoad(LocalCache.java:2180)
	at knot//com.google.common.cache.LocalCache$Segment.get(LocalCache.java:2071)
	at knot//com.google.common.cache.LocalCache.get(LocalCache.java:3985)
	at knot//com.google.common.cache.LocalCache.getOrLoad(LocalCache.java:4006)
	at knot//com.google.common.cache.LocalCache$LocalLoadingCache.get(LocalCache.java:4946)
	at knot//com.google.common.cache.LocalCache$LocalLoadingCache.getUnchecked(LocalCache.java:4953)
	at knot//net.minecraft.server.players.ProfileResolver$Cached.fetchByName(ProfileResolver.java:63)
	at knot//net.minecraft.client.player.LocalPlayerResolver.fetchByName(LocalPlayerResolver.java:34)
	at knot//com.mojang.datafixers.util.Either$Left.map(Either.java:38)
	at knot//net.minecraft.server.players.ProfileResolver.fetchByNameOrId(ProfileResolver.java:25)
	at knot//net.minecraft.world.item.component.ResolvableProfile$Dynamic.lambda$resolveProfile$0(ResolvableProfile.java:225)
	at java.base/java.util.concurrent.CompletableFuture$AsyncSupply.run(CompletableFuture.java:1789)
	at java.base/java.util.concurrent.ThreadPoolExecutor.runWorker(ThreadPoolExecutor.java:1090)
	at java.base/java.util.concurrent.ThreadPoolExecutor$Worker.run(ThreadPoolExecutor.java:614)
	at java.base/java.lang.Thread.run(Thread.java:1474)
[13:28:12] [Render thread/INFO]: [System] [CHAT] [恒生域] 地皮标志use未设置，无法执行此操作。
[13:28:17] [Render thread/INFO]: [System] [CHAT] [恒生域] 地皮标志use未设置，无法执行此操作。
[13:28:31] [Render thread/INFO]: [System] [CHAT] [恒生域] 地皮标志use未设置，无法执行此操作。
[13:28:33] [Render thread/INFO]: [System] [CHAT] [恒生域] 您缺少权限节点: plots.admin.build.other
[13:28:33] [Render thread/INFO]: [System] [CHAT] [恒生域] 地皮标志use未设置，无法执行此操作。
[13:28:34] [Render thread/INFO]: [System] [CHAT] [恒生域] 您缺少权限节点: plots.admin.build.other
[13:28:35] [Render thread/INFO]: [System] [CHAT] [恒生域] 地皮标志use未设置，无法执行此操作。
[13:28:38] [Render thread/INFO]: [System] [CHAT] [恒生域] 您缺少权限节点: plots.admin.build.other
[13:28:44] [Render thread/INFO]: [System] [CHAT] [+] [GG95271 head] GG95271 进入了 [地皮一区]
[13:28:53] [Render thread/INFO]: [System] [CHAT] [恒生域] 地皮标志use未设置，无法执行此操作。
[13:29:03] [Render thread/INFO]: [System] [CHAT] [恒生域] 地皮标志use未设置，无法执行此操作。
[13:29:04] [Render thread/INFO]: [System] [CHAT] 您已经在尝试连接服务器了！
[13:29:04] [Render thread/INFO]: [System] [CHAT] [+] [unknown player head] geantendormi 进入了 [资源大区]
[13:29:04] [Render thread/INFO]: Loaded 236 advancements
[13:29:10] [Render thread/INFO]: [System] [CHAT] [+] [unknown player head] geantendormi 进入了 [地皮一区]
[13:29:10] [Render thread/INFO]: Loaded 236 advancements
[13:29:17] [Render thread/INFO]: [System] [CHAT] [恒生域] 地皮标志use未设置，无法执行此操作。
[13:29:20] [Render thread/INFO]: [System] [CHAT] [+] [unknown player head] geantendormi 进入了 [主城大厅]
[13:29:20] [Render thread/INFO]: Loaded 128 advancements
[13:29:21] [Render thread/INFO]: Loaded 162 advancements
[13:29:21] [Render thread/INFO]: Loaded 236 advancements
[13:29:21] [Render thread/WARN]: Received passengers for unknown entity
[13:29:21] [Render thread/WARN]: Received passengers for unknown entity
[13:29:21] [Render thread/WARN]: Received passengers for unknown entity
[13:29:21] [Render thread/WARN]: Received passengers for unknown entity
[13:29:22] [Render thread/WARN]: Received passengers for unknown entity
[13:29:22] [Render thread/WARN]: Received passengers for unknown entity
[13:29:22] [Render thread/WARN]: Received passengers for unknown entity
[13:29:22] [Render thread/WARN]: Received passengers for unknown entity
[13:29:22] [Render thread/WARN]: Received passengers for unknown entity
[13:29:27] [Render thread/INFO]: [System] [CHAT] [恒生域Vote] 你还没有注册投票账号！请使用/mcsvote regsiter <密码> 注册，注册后即可在 恒生域Vote 投票。
[13:29:32] [Render thread/INFO]: [System] [CHAT] [生存一区] [HBHBHB head]<HBHBHB> 让我试试227的招式
[13:29:43] [Render thread/INFO]: [System] [CHAT] [生存一区] [www head]<www> 学不会的，你重锤第一下命中率都还不高
[13:30:28] [Render thread/INFO]: [System] [CHAT] [恒生域] 您没有足够的钱购买骨头. 所需价格：3 金币⛁.
[13:30:43] [Render thread/INFO]: [System] [CHAT] [恒生域] 您没有足够的钱购买生牛肉. 所需价格：12 金币⛁.
[13:31:00] [Render thread/INFO]: [System] [CHAT] [生存一区] [HBHBHB head]<HBHBHB> 先叫我试试呗
[13:31:12] [Render thread/INFO]: [System] [CHAT] [恒生域] 你将在 3 秒后被传送,请不要移动…
[13:31:15] [Render thread/INFO]: [System] [CHAT] [恒生域] 传送完成!
[13:31:34] [Render thread/INFO]: [System] [CHAT] [+] [unknown player head] geantendormi 进入了 [地皮一区]
[13:31:34] [Render thread/INFO]: Loaded 236 advancements
[13:31:46] [Render thread/INFO]: [System] [CHAT] 您已经在尝试连接服务器了！
[13:31:46] [Render thread/INFO]: [System] [CHAT] 您已经在尝试连接服务器了！
[13:31:47] [Render thread/INFO]: [System] [CHAT] [+] [unknown player head] geantendormi 进入了 [资源大区]
[13:31:47] [Render thread/INFO]: Loaded 236 advancements
[13:31:51] [Render thread/INFO]: [System] [CHAT] [+] [unknown player head] geantendormi 进入了 [生存一区]
[13:31:51] [Render thread/INFO]: Loaded 171 advancements
[13:31:52] [Render thread/INFO]: Loaded 173 advancements
[13:31:52] [Render thread/INFO]: Loaded 236 advancements
[13:31:53] [Render thread/INFO]: [System] [CHAT] HBHBHB被www用[Vengeance]一锤毙命
[13:32:25] [Render thread/INFO]: [System] [CHAT] HBHBHB在与www战斗时被烤得酥脆
[13:32:34] [Render thread/INFO]: Stopping!
